// Jest Snapshot v1, https://goo.gl/fbAQLP

exports[`PageNotFound should render properly 1`] = `
ShallowWrapper {
  "length": 1,
  Symbol(enzyme.__root__): [Circular],
  Symbol(enzyme.__unrendered__): <PageNotFound />,
  Symbol(enzyme.__renderer__): Object {
    "batchedUpdates": [Function],
    "getNode": [Function],
    "render": [Function],
    "simulateEvent": [Function],
    "unmount": [Function],
  },
  Symbol(enzyme.__node__): Object {
    "instance": null,
    "key": undefined,
    "nodeType": "host",
    "props": Object {
      "children": Array [
        <h2
          className="current-date"
        >
           
        </h2>,
        <div
          className="column"
        >
           
        </div>,
        <div
          className="column page-not-found"
        >
          Página não encontrada
          <button
            className="send"
            onClick={[Function]}
            type="button"
          >
            Voltar
          </button>
        </div>,
      ],
      "className": "page-wrapper",
    },
    "ref": null,
    "rendered": Array [
      Object {
        "instance": null,
        "key": undefined,
        "nodeType": "host",
        "props": Object {
          "children": " ",
          "className": "current-date",
        },
        "ref": null,
        "rendered": " ",
        "type": "h2",
      },
      Object {
        "instance": null,
        "key": undefined,
        "nodeType": "host",
        "props": Object {
          "children": " ",
          "className": "column",
        },
        "ref": null,
        "rendered": " ",
        "type": "div",
      },
      Object {
        "instance": null,
        "key": undefined,
        "nodeType": "host",
        "props": Object {
          "children": Array [
            "Página não encontrada",
            <button
              className="send"
              onClick={[Function]}
              type="button"
            >
              Voltar
            </button>,
          ],
          "className": "column page-not-found",
        },
        "ref": null,
        "rendered": Array [
          "Página não encontrada",
          Object {
            "instance": null,
            "key": undefined,
            "nodeType": "host",
            "props": Object {
              "children": "Voltar",
              "className": "send",
              "onClick": [Function],
              "type": "button",
            },
            "ref": null,
            "rendered": "Voltar",
            "type": "button",
          },
        ],
        "type": "div",
      },
    ],
    "type": "div",
  },
  Symbol(enzyme.__nodes__): Array [
    Object {
      "instance": null,
      "key": undefined,
      "nodeType": "host",
      "props": Object {
        "children": Array [
          <h2
            className="current-date"
          >
             
          </h2>,
          <div
            className="column"
          >
             
          </div>,
          <div
            className="column page-not-found"
          >
            Página não encontrada
            <button
              className="send"
              onClick={[Function]}
              type="button"
            >
              Voltar
            </button>
          </div>,
        ],
        "className": "page-wrapper",
      },
      "ref": null,
      "rendered": Array [
        Object {
          "instance": null,
          "key": undefined,
          "nodeType": "host",
          "props": Object {
            "children": " ",
            "className": "current-date",
          },
          "ref": null,
          "rendered": " ",
          "type": "h2",
        },
        Object {
          "instance": null,
          "key": undefined,
          "nodeType": "host",
          "props": Object {
            "children": " ",
            "className": "column",
          },
          "ref": null,
          "rendered": " ",
          "type": "div",
        },
        Object {
          "instance": null,
          "key": undefined,
          "nodeType": "host",
          "props": Object {
            "children": Array [
              "Página não encontrada",
              <button
                className="send"
                onClick={[Function]}
                type="button"
              >
                Voltar
              </button>,
            ],
            "className": "column page-not-found",
          },
          "ref": null,
          "rendered": Array [
            "Página não encontrada",
            Object {
              "instance": null,
              "key": undefined,
              "nodeType": "host",
              "props": Object {
                "children": "Voltar",
                "className": "send",
                "onClick": [Function],
                "type": "button",
              },
              "ref": null,
              "rendered": "Voltar",
              "type": "button",
            },
          ],
          "type": "div",
        },
      ],
      "type": "div",
    },
  ],
  Symbol(enzyme.__options__): Object {
    "adapter": ReactSixteenAdapter {
      "options": Object {
        "enableComponentDidUpdateOnSetState": true,
      },
    },
  },
}
`;
